# 0-1: {"can_access_peer": true, "direct_frame_12MB": {"us": 261.1, "GBps": 48.19}, "staged_frame_12MB": {"us": 995.9, "GBps": 12.63}, "direct_crop_128KB": {"us": 29.1, "GBps": 4.5}, "staged_crop_128KB": {"us": 28.5, "GBps": 4.59}}
# 3-4: {"can_access_peer": true, "direct_frame_12MB": {"us": 261.1, "GBps": 48.19}, "staged_frame_12MB": {"us": 996.0, "GBps": 12.63}, "direct_crop_128KB": {"us": 28.9, "GBps": 4.54}, "staged_crop_128KB": {"us": 29.4, "GBps": 4.46}}
# 0-3: {"can_access_peer": true, "direct_frame_12MB": {"us": 98664.1, "GBps": 0.13}, "staged_frame_12MB": {"us": 995.4, "GBps": 12.64}, "direct_crop_128KB": {"us": 49254.6, "GBps": 0.0}, "staged_crop_128KB": {"us": 28.2, "GBps": 4.64}}
# 1-3: {"can_access_peer": true, "direct_frame_12MB": {"us": 98581.1, "GBps": 0.13}, "staged_frame_12MB": {"us": 996.6, "GBps": 12.63}, "direct_crop_128KB": {"us": 49255.6, "GBps": 0.0}, "staged_crop_128KB": {"us": 29.1, "GBps": 4.5}}
# 2-4: {"can_access_peer": true, "direct_frame_12MB": {"us": 98673.9, "GBps": 0.13}, "staged_frame_12MB": {"us": 995.6, "GBps": 12.64}, "direct_crop_128KB": {"us": 49248.6, "GBps": 0.0}, "staged_crop_128KB": {"us": 29.1, "GBps": 4.5}}
# 3-5: {"can_access_peer": true, "direct_frame_12MB": {"us": 752.6, "GBps": 16.72}, "staged_frame_12MB": {"us": 996.3, "GBps": 12.63}, "direct_crop_128KB": {"us": 29.8, "GBps": 4.4}, "staged_crop_128KB": {"us": 29.8, "GBps": 4.4}}
# 4-6: {"can_access_peer": true, "direct_frame_12MB": {"us": 753.7, "GBps": 16.7}, "staged_frame_12MB": {"us": 997.8, "GBps": 12.61}, "direct_crop_128KB": {"us": 29.8, "GBps": 4.39}, "staged_crop_128KB": {"us": 29.9, "GBps": 4.39}}
{
 "torch": "2.7.1+cu126",
 "cuda": "12.6",
 "devices": [
  "NVIDIA RTX A5000",
  "NVIDIA RTX A5000",
  "NVIDIA RTX A5000",
  "NVIDIA RTX A5000",
  "NVIDIA RTX A5000",
  "NVIDIA RTX A5000",
  "NVIDIA RTX A5000",
  "NVIDIA RTX A5000"
 ],
 "pairs": {
  "0-1": {
   "can_access_peer": true,
   "direct_frame_12MB": {
    "us": 261.1,
    "GBps": 48.19
   },
   "staged_frame_12MB": {
    "us": 995.9,
    "GBps": 12.63
   },
   "direct_crop_128KB": {
    "us": 29.1,
    "GBps": 4.5
   },
   "staged_crop_128KB": {
    "us": 28.5,
    "GBps": 4.59
   }
  },
  "3-4": {
   "can_access_peer": true,
   "direct_frame_12MB": {
    "us": 261.1,
    "GBps": 48.19
   },
   "staged_frame_12MB": {
    "us": 996.0,
    "GBps": 12.63
   },
   "direct_crop_128KB": {
    "us": 28.9,
    "GBps": 4.54
   },
   "staged_crop_128KB": {
    "us": 29.4,
    "GBps": 4.46
   }
  },
  "0-3": {
   "can_access_peer": true,
   "direct_frame_12MB": {
    "us": 98664.1,
    "GBps": 0.13
   },
   "staged_frame_12MB": {
    "us": 995.4,
    "GBps": 12.64
   },
   "direct_crop_128KB": {
    "us": 49254.6,
    "GBps": 0.0
   },
   "staged_crop_128KB": {
    "us": 28.2,
    "GBps": 4.64
   }
  },
  "1-3": {
   "can_access_peer": true,
   "direct_frame_12MB": {
    "us": 98581.1,
    "GBps": 0.13
   },
   "staged_frame_12MB": {
    "us": 996.6,
    "GBps": 12.63
   },
   "direct_crop_128KB": {
    "us": 49255.6,
    "GBps": 0.0
   },
   "staged_crop_128KB": {
    "us": 29.1,
    "GBps": 4.5
   }
  },
  "2-4": {
   "can_access_peer": true,
   "direct_frame_12MB": {
    "us": 98673.9,
    "GBps": 0.13
   },
   "staged_frame_12MB": {
    "us": 995.6,
    "GBps": 12.64
   },
   "direct_crop_128KB": {
    "us": 49248.6,
    "GBps": 0.0
   },
   "staged_crop_128KB": {
    "us": 29.1,
    "GBps": 4.5
   }
  },
  "3-5": {
   "can_access_peer": true,
   "direct_frame_12MB": {
    "us": 752.6,
    "GBps": 16.72
   },
   "staged_frame_12MB": {
    "us": 996.3,
    "GBps": 12.63
   },
   "direct_crop_128KB": {
    "us": 29.8,
    "GBps": 4.4
   },
   "staged_crop_128KB": {
    "us": 29.8,
    "GBps": 4.4
   }
  },
  "4-6": {
   "can_access_peer": true,
   "direct_frame_12MB": {
    "us": 753.7,
    "GBps": 16.7
   },
   "staged_frame_12MB": {
    "us": 997.8,
    "GBps": 12.61
   },
   "direct_crop_128KB": {
    "us": 29.8,
    "GBps": 4.39
   },
   "staged_crop_128KB": {
    "us": 29.9,
    "GBps": 4.39
   }
  }
 },
 "same_device_baseline": {
  "frame_12MB": {
   "us": 47.1,
   "GBps": 267.13
  },
  "crop_128KB": {
   "us": 17.4,
   "GBps": 7.53
  }
 }
}

# nvidia-smi topo -m
	[4mGPU0	GPU1	GPU2	GPU3	GPU4	GPU5	GPU6	GPU7	CPU Affinity	NUMA Affinity	GPU NUMA ID[0m
GPU0	 X 	NV4	PXB	PXB	PXB	SYS	SYS	SYS	0-11,24-35	0		N/A
GPU1	NV4	 X 	PIX	PXB	PXB	SYS	SYS	SYS	0-11,24-35	0		N/A
GPU2	PXB	PIX	 X 	PXB	PXB	SYS	SYS	NV4	0-11,24-35	0		N/A
GPU3	PXB	PXB	PXB	 X 	NV4	SYS	SYS	SYS	0-11,24-35	0		N/A
GPU4	PXB	PXB	PXB	NV4	 X 	SYS	SYS	SYS	0-11,24-35	0		N/A
GPU5	SYS	SYS	SYS	SYS	SYS	 X 	NV4	PXB	12-23,36-47	1		N/A
GPU6	SYS	SYS	SYS	SYS	SYS	NV4	 X 	PIX	12-23,36-47	1		N/A
GPU7	SYS	SYS	NV4	SYS	SYS	PXB	PIX	 X 	12-23,36-47	1		N/A

Legend:

  X    = Self
  SYS  = Connection traversing PCIe as well as the SMP interconnect between NUMA nodes (e.g., QPI/UPI)
  NODE = Connection traversing PCIe as well as the interconnect between PCIe Host Bridges within a NUMA node
  PHB  = Connection traversing PCIe as well as a PCIe Host Bridge (typically the CPU)
  PXB  = Connection traversing multiple PCIe bridges (without traversing the PCIe Host Bridge)
  PIX  = Connection traversing at most a single PCIe bridge
  NV#  = Connection traversing a bonded set of # NVLinks
